// Jest Snapshot v1, https://goo.gl/fbAQLP

exports[`renders correctly 1`] = `
<main>
  <div
    className="navbar"
  >
    <h1>
      Math Magicians
    </h1>
    <ul>
      <li>
        <a
          href="/"
          onClick={[Function]}
        >
          Home
        </a>
      </li>
      <li
        className="mid-li"
      >
        <a
          href="/app"
          onClick={[Function]}
        >
          Claculator
        </a>
      </li>
      <li>
        <a
          href="/quote"
          onClick={[Function]}
        >
          Quote
        </a>
      </li>
    </ul>
  </div>
  <div
    className="container"
  >
    <h3>
      Let’s do some math!
    </h3>
    <div
      className="calculator"
    >
      <div
        className="display"
      >
        <span />
      </div>
      <div
        className="panel"
      >
        <div
          className="row"
        >
          <button
            className="btn-style btn"
            onClick={[Function]}
            type="button"
          >
            AC
          </button>
          <button
            className="btn-style btn"
            onClick={[Function]}
            type="button"
          >
            +/-
          </button>
          <button
            className="btn-style btn"
            onClick={[Function]}
            type="button"
          >
            %
          </button>
          <button
            className="btn-style-def btn"
            onClick={[Function]}
            type="button"
          >
            ÷
          </button>
        </div>
        <div
          className="row"
        >
          <button
            className="btn-style btn"
            onClick={[Function]}
            type="button"
          >
            7
          </button>
          <button
            className="btn-style btn"
            onClick={[Function]}
            type="button"
          >
            8
          </button>
          <button
            className="btn-style btn"
            onClick={[Function]}
            type="button"
          >
            9
          </button>
          <button
            className="btn-style-def btn"
            onClick={[Function]}
            type="button"
          >
            X
          </button>
        </div>
        <div
          className="row"
        >
          <button
            className="btn-style btn"
            onClick={[Function]}
            type="button"
          >
            4
          </button>
          <button
            className="btn-style btn"
            onClick={[Function]}
            type="button"
          >
            5
          </button>
          <button
            className="btn-style btn"
            onClick={[Function]}
            type="button"
          >
            6
          </button>
          <button
            className="btn-style-def btn"
            onClick={[Function]}
            type="button"
          >
            -
          </button>
        </div>
        <div
          className="row"
        >
          <button
            className="btn-style btn"
            onClick={[Function]}
            type="button"
          >
            1
          </button>
          <button
            className="btn-style btn"
            onClick={[Function]}
            type="button"
          >
            2
          </button>
          <button
            className="btn-style btn"
            onClick={[Function]}
            type="button"
          >
            3
          </button>
          <button
            className="btn-style-def btn"
            onClick={[Function]}
            type="button"
          >
            +
          </button>
        </div>
        <div
          className="row"
        >
          <button
            className="btn-style btn-0"
            onClick={[Function]}
            type="button"
          >
            0
          </button>
          <button
            className="btn-style btn"
            onClick={[Function]}
            type="button"
          >
            .
          </button>
          <button
            className="btn-style-def btn"
            onClick={[Function]}
            type="button"
          >
            =
          </button>
        </div>
      </div>
    </div>
  </div>
</main>
`;
