// Jest Snapshot v1, https://goo.gl/fbAQLP

exports[`renders correctly 1`] = `
<main>
  <div
    className="navbar"
  >
    <h1>
      Math Magicians
    </h1>
    <ul>
      <li>
        <a
          href="/"
          onClick={[Function]}
        >
          Home
        </a>
      </li>
      <li
        className="mid-li"
      >
        <a
          href="/app"
          onClick={[Function]}
        >
          Claculator
        </a>
      </li>
      <li>
        <a
          href="/quote"
          onClick={[Function]}
        >
          Quote
        </a>
      </li>
    </ul>
  </div>
  <h3>
    Mathematics is not about numbers, equations, computations, or algorithms: it is about understanding. â€“William Paul Thurston
  </h3>
</main>
`;
